[
  {
    "build_commit": "0ef6e55",
    "build_number": 1,
    "cpu_info": "CPU",
    "gpu_info": "QUALCOMM Adreno(TM) 840, Hexagon",
    "backends": "OpenCL,HTP",
    "model_filename": "/data/local/tmp/mytts-gemma4-hexagon/gemma4-e2b-w4.gguf",
    "model_type": "gemma4 E2B Q4_0",
    "model_size": 2604554380,
    "model_n_params": 4628569635,
    "n_batch": 128,
    "n_ubatch": 128,
    "n_threads": 2,
    "cpu_mask": "0x0",
    "cpu_strict": false,
    "poll": 0,
    "type_k": "f16",
    "type_v": "f16",
    "n_gpu_layers": 0,
    "n_cpu_moe": 0,
    "split_mode": "layer",
    "main_gpu": 0,
    "no_kv_offload": false,
    "flash_attn": 1,
    "devices": "none",
    "tensor_split": "0.00",
    "tensor_buft_overrides": "none",
    "load_mode": "mmap",
    "embeddings": false,
    "no_op_offload": 0,
    "no_host": false,
    "fit_target": 0,
    "fit_min_ctx": 0,
    "n_prompt": 128,
    "n_gen": 0,
    "n_depth": 0,
    "test_time": "2026-10-06T10:30:13Z",
    "avg_ns": 2611625988,
    "stddev_ns": 89772390,
    "avg_ts": 49.040585,
    "stddev_ts": 1.685727,
    "samples_ns": [ 2548147343, 2675104634 ],
    "samples_ts": [ 50.2326, 47.8486 ]
  },
  {
    "build_commit": "0ef6e55",
    "build_number": 1,
    "cpu_info": "CPU",
    "gpu_info": "QUALCOMM Adreno(TM) 840, Hexagon",
    "backends": "OpenCL,HTP",
    "model_filename": "/data/local/tmp/mytts-gemma4-hexagon/gemma4-e2b-w4.gguf",
    "model_type": "gemma4 E2B Q4_0",
    "model_size": 2604554380,
    "model_n_params": 4628569635,
    "n_batch": 128,
    "n_ubatch": 128,
    "n_threads": 2,
    "cpu_mask": "0x0",
    "cpu_strict": false,
    "poll": 0,
    "type_k": "f16",
    "type_v": "f16",
    "n_gpu_layers": 0,
    "n_cpu_moe": 0,
    "split_mode": "layer",
    "main_gpu": 0,
    "no_kv_offload": false,
    "flash_attn": 1,
    "devices": "none",
    "tensor_split": "0.00",
    "tensor_buft_overrides": "none",
    "load_mode": "mmap",
    "embeddings": false,
    "no_op_offload": 0,
    "no_host": false,
    "fit_target": 0,
    "fit_min_ctx": 0,
    "n_prompt": 0,
    "n_gen": 128,
    "n_depth": 0,
    "test_time": "2026-10-06T10:30:21Z",
    "avg_ns": 9083807027,
    "stddev_ns": 9262459,
    "avg_ts": 14.091016,
    "stddev_ts": 0.014367,
    "samples_ns": [ 9077258173, 9090355882 ],
    "samples_ts": [ 14.1012, 14.0809 ]
  }
]
real 29.429838
user 51.849417
sys 2.684614
