[
  {
    "build_commit": "0ef6e55",
    "build_number": 1,
    "cpu_info": "CPU",
    "gpu_info": "QUALCOMM Adreno(TM) 840, Hexagon",
    "backends": "OpenCL,HTP",
    "model_filename": "/data/local/tmp/mytts-gemma4-hexagon/gemma4-e2b-w4.gguf",
    "model_type": "gemma4 E2B Q4_0",
    "model_size": 2604554380,
    "model_n_params": 4628569635,
    "n_batch": 128,
    "n_ubatch": 128,
    "n_threads": 2,
    "cpu_mask": "0x0",
    "cpu_strict": false,
    "poll": 0,
    "type_k": "f16",
    "type_v": "f16",
    "n_gpu_layers": -1,
    "n_cpu_moe": 0,
    "split_mode": "layer",
    "main_gpu": 0,
    "no_kv_offload": false,
    "flash_attn": 1,
    "devices": "HTP0",
    "tensor_split": "0.00",
    "tensor_buft_overrides": "none",
    "load_mode": "mmap",
    "embeddings": false,
    "no_op_offload": 0,
    "no_host": false,
    "fit_target": 0,
    "fit_min_ctx": 0,
    "n_prompt": 128,
    "n_gen": 0,
    "n_depth": 0,
    "test_time": "2026-10-06T10:28:13Z",
    "avg_ns": 115664271,
    "stddev_ns": 11027846,
    "avg_ts": 1111.704080,
    "stddev_ts": 105.993854,
    "samples_ns": [ 107866406, 123462136 ],
    "samples_ts": [ 1186.65, 1036.76 ]
  },
  {
    "build_commit": "0ef6e55",
    "build_number": 1,
    "cpu_info": "CPU",
    "gpu_info": "QUALCOMM Adreno(TM) 840, Hexagon",
    "backends": "OpenCL,HTP",
    "model_filename": "/data/local/tmp/mytts-gemma4-hexagon/gemma4-e2b-w4.gguf",
    "model_type": "gemma4 E2B Q4_0",
    "model_size": 2604554380,
    "model_n_params": 4628569635,
    "n_batch": 128,
    "n_ubatch": 128,
    "n_threads": 2,
    "cpu_mask": "0x0",
    "cpu_strict": false,
    "poll": 0,
    "type_k": "f16",
    "type_v": "f16",
    "n_gpu_layers": -1,
    "n_cpu_moe": 0,
    "split_mode": "layer",
    "main_gpu": 0,
    "no_kv_offload": false,
    "flash_attn": 1,
    "devices": "HTP0",
    "tensor_split": "0.00",
    "tensor_buft_overrides": "none",
    "load_mode": "mmap",
    "embeddings": false,
    "no_op_offload": 0,
    "no_host": false,
    "fit_target": 0,
    "fit_min_ctx": 0,
    "n_prompt": 0,
    "n_gen": 128,
    "n_depth": 0,
    "test_time": "2026-10-06T10:28:14Z",
    "avg_ns": 7059305648,
    "stddev_ns": 34250875,
    "avg_ts": 18.132308,
    "stddev_ts": 0.087975,
    "samples_ns": [ 7035086768, 7083524529 ],
    "samples_ts": [ 18.1945, 18.0701 ]
  }
]
real 18.289650
user 18.479173
sys 1.481665
